// Jest Snapshot v1, https://goo.gl/fbAQLP

exports[`Header renders correctly 1`] = `
<header>
  <nav
    className="menu"
  >
    <ul>
      <li>
        <a
          aria-current="page"
          className="active"
          href="/"
          onClick={[Function]}
          style={Object {}}
        >
          Home
        </a>
      </li>
      <li>
        <a
          aria-current={null}
          href="/todos"
          onClick={[Function]}
        >
          Todos
        </a>
      </li>
    </ul>
  </nav>
</header>
`;
