// Jest Snapshot v1, https://goo.gl/fbAQLP

exports[`Layout renders correctly 1`] = `
<div
  className="container"
>
  <header>
    <nav
      className="menu"
    >
      <ul>
        <li>
          <a
            aria-current="page"
            className="active"
            href="/"
            onClick={[Function]}
            style={Object {}}
          >
            Home
          </a>
        </li>
        <li>
          <a
            aria-current={null}
            href="/todos"
            onClick={[Function]}
          >
            Todos
          </a>
        </li>
      </ul>
    </nav>
  </header>
  <div
    className="content"
  >
    <div
      className="s-alert-wrapper"
    />
  </div>
</div>
`;
