// Jest Snapshot v1, https://goo.gl/fbAQLP

exports[`TodoForm renders correctly 1`] = `
<form
  onSubmit={[Function]}
>
  <input
    className="todo-input"
    name="newTodo"
    onBlur={[Function]}
    onChange={[Function]}
    placeholder="Enter new todo..."
    type="text"
    value=""
  />
</form>
`;
